---
source: tests/snapshot_test.rs
assertion_line: 82
expression: terminal.backend()
---
"                                                                                "
"                   ╭ Features [+]                                               "
"                   │                                                            "
" Mind Map Root ────┤                  ╭ model.rs                                "
"                   ╰ Architecture ────┤                                         "
"                                      ╰ ui.rs                                   "
"                                                                                "
"                                                                                "
"                                                                                "
"                                                                                "
"                                                                                "
"                                                                                "
"                                                                                "
"                                                                                "
"                                                                                "
"                                                                                "
"                                                                                "
"                                                                                "
"                                                                                "
"h-m-m | 7 nodes                                                                 "
